// Jest Snapshot v1, https://goo.gl/fbAQLP

exports[`Pruebas en <GifItem /> Debe hacer match con el snapshot 1`] = `
<div>
  <div
    class="card"
  >
    <img
      alt="Soy el titulo"
      src="https://one-punch.com/saitama.jpg"
    />
    <p>
      Soy el titulo
    </p>
    <button>
      Eliminar
    </button>
  </div>
</div>
`;
